     1                                  ;%%%%%%%%%%%%%%%%%%%%%%%%%%%%%%%%%%%%%%%%%
     2                                  ;assemble and link with 
     3                                  ;set path
     4                                  ;path C:\emsamblador\Mingw64\bin
     5                                  ;assemble: -->> nasm -f win64 -o ex1.o ex1.asm -l ex1.lst
     6                                  ;link:	   -->> gcc -o ex1 ex1.o
     7                                  ;run:      -->> ex1
     8                                  ;debugger: -->> x64dbg
     9                                  ;%%%%%%%%%%%%%%%%%%%%%%%%%%%%%%%%%%%%%%%%%
    10                                  ;-----------------------------------------
    11                                  
    12                                  ;file: legal.asm
    13                                  ;El operando puede ser un registro de 16 o 64 bits, 
    14                                  ;una posición de memoria de 16 o 64 bits o 
    15                                  ;un valor inmediato de 8, 16 o 32 bits extendido a 64 bits.
    16                                  extern printf,scanf,gets,strlen
    17                                  segment .data
    18 00000000 636164656E61202573-     prueba db "cadena %s    cantidad de caracteres : %d",10,0
    18 00000009 2020202063616E7469-
    18 00000012 646164206465206361-
    18 0000001B 726163746572657320-
    18 00000024 3A2025640A00       
    19 0000002A 496E67726573617220-     msj1	db "Ingresar umero en el arreglo: ",0
    19 00000033 756D65726F20656E20-
    19 0000003C 656C2061727265676C-
    19 00000045 6F3A2000           
    20 00000049 6C6120636164656E61-     msj2	db "la cadena tiene un total de %d :(digitos + letras mayuscula + letras minusculas)",0
    20 00000052 207469656E6520756E-
    20 0000005B 20746F74616C206465-
    20 00000064 202564203A28646967-
    20 0000006D 69746F73202B206C65-
    20 00000076 74726173206D617975-
    20 0000007F 7363756C61202B206C-
    20 00000088 6574726173206D696E-
    20 00000091 757363756C61732900 
    21 0000009A 255300                  fmt		db "%S",0
    22                                  segment .bss
    23 00000000 <res 00000065>          arreglo resb 101
    24 00000065 <res 00000008>          cantidad resq 1
    25                                  segment .text 
    26                                  global main 					
    27                                  main:
    28                                  ;--------------------------
    29 00000000 4883EC20                sub rsp, 0x20	
    30                                  
    31 00000004 48B9-                   mov rcx,msj1
    31 00000006 [2A00000000000000] 
    32 0000000E 48BA-                   mov rdx,arreglo
    32 00000010 [0000000000000000] 
    33 00000018 E8(00000000)            call printf
    34                                  
    35 0000001D 48B9-                   mov rcx,arreglo
    35 0000001F [0000000000000000] 
    36 00000027 E8(00000000)            call gets
    37                                  
    38 0000002C 48B9-                   mov rcx,arreglo
    38 0000002E [0000000000000000] 
    39 00000036 E8(00000000)            call strlen
    40 0000003B 48890425[65000000]      mov  qword[cantidad],RAX
    41                                  
    42 00000043 48B9-                   mov rcx,prueba
    42 00000045 [0000000000000000] 
    43 0000004D 48BA-                   mov rdx,arreglo
    43 0000004F [0000000000000000] 
    44 00000057 4C8B0425[65000000]      mov r8,[cantidad]
    45 0000005F E8(00000000)            call printf
    46                                  
    47 00000064 48B9-                   mov rcx,arreglo
    47 00000066 [0000000000000000] 
    48 0000006E 488B1425[65000000]      mov rdx,[cantidad]
    49 00000076 E817000000              call contar
    50                                  
    51 0000007B 48B9-                   mov rcx,msj2
    51 0000007D [4900000000000000] 
    52 00000085 4889C2                  mov rdx,RAX
    53 00000088 E8(00000000)            call printf
    54 0000008D 4883C420                add rsp, 0x20	
    55                                  ;--- 16-bit PUSH instruction-----------------
    56 00000091 C3                      ret
    57                                  
    58                                  contar:
    59 00000092 4831F6                  	     xor rsi,rsi 
    60 00000095 4D31D2                  		 xor r10,r10  
    61 00000098 4D31DB                  		 xor r11,r11 
    62 0000009B 4D31E4                  		 xor r12,r12   
    63 0000009E 4D31ED                  		 xor r13,r13  
    64 000000A1 4D31F6                  		 xor r14,r14   
    65 000000A4 4831C0                  		 xor rax,rax
    66                                  		 ciclo:
    67                                  		 
    68 000000A7 448A1431                		 mov r10b,[rcx+rsi]
    69 000000AB 4983FA30                		 cmp r10,0x30
    70 000000AF 7C23                    		 jl siguiente
    71 000000B1 4983FA39                		 cmp r10,0x39
    72 000000B5 7E1A                    		 jle entra
    73                                  		 
    74                                  		 
    75 000000B7 4180FA41                		 cmp r10b,0x41
    76 000000BB 7C17                    		 jl siguiente
    77 000000BD 4180FA5A                		 cmp r10b,0x5A
    78 000000C1 7E0E                    		 jle entra
    79                                  		 
    80 000000C3 4180FA61                		 cmp r10b,0x61
    81 000000C7 7C0B                    		 jl siguiente
    82 000000C9 4180FA7A                		 cmp r10b,0x7A
    83 000000CD 7E02                    		 jle entra
    84 000000CF 7F03                    		 jg siguiente
    85                                  		 
    86                                  		 entra:
    87 000000D1 48FFC0                  		 inc RAX
    88                                  		 
    89                                  		 siguiente:
    90 000000D4 48FFC6                  		 inc rsi
    91 000000D7 49FFC6                  		 inc r14
    92 000000DA 4939D6                  		 cmp r14,rdx
    93 000000DD 7CC8                    		 jl ciclo
    94 000000DF C3                      	ret
