     1                                  ;%%%%%%%%%%%%%%%%%%%%%%%%%%%%%%%%%%%%%%%%%
     2                                  ;assemble and link with 
     3                                  ;set path
     4                                  ;path C:\emsamblador\Mingw64\bin
     5                                  ;assemble: -->> nasm -f win64 -o print2.o print2.asm -l print2.lst
     6                                  ;link:	   -->> gcc -o print2 print2.o
     7                                  ;run:      -->> print2
     8                                  ;debugger: -->> x64dbg
     9                                  ;%%%%%%%%%%%%%%%%%%%%%%%%%%%%%%%%%%%%%%%%%
    10                                  ;-----------------------------------------
    11                                  
    12                                  ;file: legal.asm
    13                                  ;El operando puede ser un registro de 16 o 64 bits, 
    14                                  ;una posición de memoria de 16 o 64 bits o 
    15                                  ;un valor inmediato de 8, 16 o 32 bits extendido a 64 bits.
    16                                  extern printf,scanf		
    17                                  segment .data
    18 00000000 492063616E2073746F-     a	db "I can stop te lonliless : ",0
    18 00000009 70207465206C6F6E6C-
    18 00000012 696C657373203A2000 
    19 0000001B 492063616E2073746F-     c	db "I can stop te lonliless : %S %d %d",0
    19 00000024 70207465206C6F6E6C-
    19 0000002D 696C657373203A2025-
    19 00000036 5320256420256400   
    20 0000003E 09000000                d   dd 9
    21 00000042 255300                  fmt		db "%S",0
    22                                  segment .bss
    23 00000000 <res 00000005>          b resb 5
    24                                  segment .text 
    25                                  global main 					
    26                                  main:
    27                                  ;--------------------------
    28 00000000 4883EC20                sub rsp, 0x20	
    29 00000004 48B9-                   mov rcx,a
    29 00000006 [0000000000000000] 
    30 0000000E E8(00000000)            call printf
    31                                  
    32 00000013 48BA-                   mov rdx,b
    32 00000015 [0000000000000000] 
    33 0000001D 48B9-                   mov rcx,fmt
    33 0000001F [4200000000000000] 
    34 00000027 E8(00000000)            call scanf
    35                                  
    36                                  
    37 0000002C 48B9-                   mov rcx,c
    37 0000002E [1B00000000000000] 
    38 00000036 48BA-                   mov rdx,b
    38 00000038 [0000000000000000] 
    39 00000040 49B8-                   mov r8,d
    39 00000042 [3E00000000000000] 
    40 0000004A 4C8B0C25[3E000000]      mov r9,[d]
    41 00000052 E8(00000000)            call printf
    42                                  
    43 00000057 4883C420                add rsp, 0x20	
    44                                  ;--- 16-bit PUSH instruction-----------------
    45 0000005B C3                      ret
