     1                                  ;%%%%%%%%%%%%%%%%%%%%%%%%%%%%%%%%%%%%%%%%%
     2                                  ;assemble and link with: 
     3                                  ;assemble: -->> nasm -f win64 -o mayor_menor.o mayor_menor.asm -l mayor_menor.lst
     4                                  ;link:	   -->> gcc -o mayor_menor mayor_menor.o
     5                                  ;run:      -->> mayor_menor
     6                                  ;debugger: -->> x64dbg mayor_menor
     7                                  ;Direccion de incicio 401550
     8                                  ;%%%%%%%%%%%%%%%%%%%%%%%%%%%%%%%%%%%%%%%%%
     9                                  ;-----------------------------------------
    10                                  
    11                                  ;file: mayor_menor.asm (nombre programa)
    12                                  ;registro:
    13                                  ;nombres y apellidos:
    14                                  
    15                                  global main 
    16                                  extern printf, scanf		
    17                                  
    18                                  segment .data
    19                                  ;aqui se declaran variables inicializadas
    20 00000000 0A4269656E76656E69-     	msj		db	10, "Bienvenido::", 10, "------------------", 10, 0
    20 00000009 646F3A3A0A2D2D2D2D-
    20 00000012 2D2D2D2D2D2D2D2D2D-
    20 0000001B 2D2D2D2D2D0A00     
    21 00000022 496E6772657365206C-     	msj1	db	"Ingrese la cantidad de elementos (max 50): ", 0
    21 0000002B 612063616E74696461-
    21 00000034 6420646520656C656D-
    21 0000003D 656E746F7320286D61-
    21 00000046 78203530293A2000   
    22 0000004E 496E67726573652065-     	msj2	db	"Ingrese el elemento %d: ", 0
    22 00000057 6C20656C656D656E74-
    22 00000060 6F2025643A2000     
    23 00000067 456C206D61796F7220-     	msj3	db	"El mayor elemento es: %d",10, 0
    23 00000070 656C656D656E746F20-
    23 00000079 65733A2025640A00   
    24 00000081 456C206D656E6F7220-     	msj4	db	"El menor elemento es: %d", 0
    24 0000008A 656C656D656E746F20-
    24 00000093 65733A20256400     
    25 0000009A 256400                  	fmt		db	"%d", 0
    26                                  
    27                                  segment .bss
    28                                  ;Block Started by Symbol(BSS) 
    29                                  ;aqui van las variables declaradas pero sin inicializar
    30 00000000 ????????                	n		resd	1
    31 00000004 <res C8h>               	vec		resd	50
    32 000000CC ????????                	mayor	resd	1
    33 000000D0 ????????                	menor 	resd	1
    34                                  segment .text 				
    35                                  main:	
    36                                  ;etiqueta que indica el comienzo del programa principal
    37                                  ;aqui van las instrucciones
    38 00000000 4883EC20                	sub rsp, 0x20
    39 00000004 48B9-                   	mov rcx, msj
    39 00000006 [0000000000000000] 
    40 0000000E E8(00000000)            	call printf
    41                                  	
    42 00000013 48B9-                   	mov rcx, msj1
    42 00000015 [2200000000000000] 
    43 0000001D E8(00000000)            	call printf
    44                                  	
    45 00000022 48B9-                   	mov rcx, fmt
    45 00000024 [9A00000000000000] 
    46 0000002C 48BA-                   	mov rdx, n
    46 0000002E [0000000000000000] 
    47 00000036 E8(00000000)            	call scanf
    48                                  	
    49 0000003B 49BC-                   	mov r12, vec
    49 0000003D [0400000000000000] 
    50 00000045 4D31ED                  	xor r13, r13		;indice
    51                                  	for: ;for (i = 0; i < 5)
    52 00000048 443B2C25[00000000]      		cmp r13d, [n]
    53 00000050 7C02                    		jl	cierto
    54 00000052 EB2D                    		jmp fin
    55                                  		cierto:
    56 00000054 48B9-                   		mov rcx, msj2
    56 00000056 [4E00000000000000] 
    57 0000005E 4C89EA                  		mov rdx, r13
    58 00000061 E8(00000000)            		call printf
    59                                  		
    60 00000066 48B9-                   		mov rcx, fmt
    60 00000068 [9A00000000000000] 
    61 00000070 4C89E2                  		mov	rdx, r12
    62 00000073 E8(00000000)            		call scanf
    63 00000078 4983C404                		add r12, 4
    64 0000007C 49FFC5                  		inc r13
    65 0000007F EBC7                    		jmp for
    66                                  	fin:
    67                                  	
    68 00000081 8B0C25[00000000]        	mov ecx, [n]
    69 00000088 48BA-                   	mov rdx, vec
    69 0000008A [0400000000000000] 
    70 00000092 E857000000              	call Mayor
    71 00000097 890425[CC000000]        	mov [mayor], eax
    72                                  	
    73 0000009E 48B9-                   	mov rcx, msj3
    73 000000A0 [6700000000000000] 
    74 000000A8 488B1425[CC000000]      	mov rdx, [mayor]
    75 000000B0 E8(00000000)            	call printf
    76                                  	
    77 000000B5 8B0C25[00000000]        	mov ecx, [n]
    78 000000BC 48BA-                   	mov rdx, vec
    78 000000BE [0400000000000000] 
    79 000000C6 E83C000000              	call Menor
    80 000000CB 890425[D0000000]        	mov [menor], eax
    81                                  	
    82 000000D2 48B9-                   	mov rcx, msj4
    82 000000D4 [8100000000000000] 
    83 000000DC 488B1425[D0000000]      	mov rdx, [menor]
    84 000000E4 E8(00000000)            	call printf
    85                                  	
    86 000000E9 4883C420                	add rsp, 0x20
    87 000000ED C3                      ret
    88                                  
    89                                  
    90                                  ;--------------------------------------
    91                                  ;============ subrutina ===============
    92                                  ;--------------------------------------
    93                                  	Mayor:
    94 000000EE 8B02                    		mov eax, [rdx]
    95 000000F0 4883C204                		add rdx, 4
    96 000000F4 FFC9                    		dec ecx
    97                                  		while:
    98 000000F6 8B1A                    			mov ebx, [rdx]
    99 000000F8 39C3                    			cmp ebx, eax
   100 000000FA 7F02                    			jg cierto1
   101 000000FC EB02                    				jmp falso
   102                                  			cierto1:
   103 000000FE 89D8                    				mov eax, ebx
   104                                  			falso:
   105 00000100 4883C204                				add rdx, 4
   106 00000104 E2F0                    		loop while
   107 00000106 C3                      	ret
   108                                  	
   109                                  	Menor:
   110 00000107 8B02                    		mov eax, [rdx]
   111 00000109 4883C204                		add rdx, 4
   112 0000010D FFC9                    		dec ecx
   113                                  		while1:
   114 0000010F 8B1A                    			mov ebx, [rdx]
   115 00000111 39C3                    			cmp ebx, eax
   116 00000113 7C02                    			jl cierto2
   117 00000115 EB02                    				jmp falso1
   118                                  			cierto2:
   119 00000117 89D8                    				mov eax, ebx
   120                                  			falso1:
   121 00000119 4883C204                				add rdx, 4
   122 0000011D E2F0                    		loop while1
   123 0000011F C3                      	ret
