     1                                  ;%%%%%%%%%%%%%%%%%%%%%%%%%%%%%%%%%%%%%%%%%
     2                                  ;assemble and link with: 
     3                                  ;assemble: -->> nasm -f win64 -o calcular.o calcular.asm -l calcular.lst
     4                                  ;link:	   -->> gcc -o calcular calcular.o
     5                                  ;run:      -->> calcular
     6                                  ;debugger: -->> x64dbg calcular
     7                                  ;Direccion de incicio 401550
     8                                  ;%%%%%%%%%%%%%%%%%%%%%%%%%%%%%%%%%%%%%%%%%
     9                                  ;-----------------------------------------
    10                                  
    11                                  ;file: calcular.asm (nombre programa)
    12                                  ;registro:
    13                                  ;nombres y apellidos:
    14                                  
    15                                  global main 
    16                                  extern printf, scanf		
    17                                  
    18                                  segment .data
    19                                  ;aqui se declaran variables inicializadas
    20 00000000 0A496E677265736172-     	msj1	db 	10, "Ingresar el valor de a: ", 0
    20 00000009 20656C2076616C6F72-
    20 00000012 20646520613A2000   
    21 0000001A 496E67726573617220-     	msj2	db	"Ingresar el valor de b: ", 0
    21 00000023 656C2076616C6F7220-
    21 0000002C 646520623A2000     
    22 00000033 496E67726573617220-     	msj3	db 	"Ingresar el valor de c: ", 0
    22 0000003C 656C2076616C6F7220-
    22 00000045 646520633A2000     
    23 0000004C 643A2025640A00          	msj4	db 	"d: %d", 10, 0
    24 00000053 256400                  	fmt		db 	"%d", 0
    25                                  segment .bss
    26                                  ;Block Started by Symbol(BSS) 
    27                                  ;aqui van las variables declaradas pero sin inicializar
    28 00000000 ????????                	a	resd	1
    29 00000004 ????????                	b	resd	1
    30 00000008 ????????                	c	resd	1
    31 0000000C ????????                	d	resd	1
    32                                  segment .text 				
    33                                  main:	
    34                                  ;etiqueta que indica el comienzo del programa principal
    35                                  ;aqui van las instrucciones
    36 00000000 4883EC20                	sub rsp, 0x20
    37 00000004 48B9-                   	mov rcx, msj1
    37 00000006 [0000000000000000] 
    38 0000000E E8(00000000)            	call printf
    39                                  	
    40 00000013 48B9-                   	mov rcx, fmt
    40 00000015 [5300000000000000] 
    41 0000001D 48BA-                   	mov rdx, a
    41 0000001F [0000000000000000] 
    42 00000027 E8(00000000)            	call scanf
    43                                  	
    44 0000002C 48B9-                   	mov rcx, msj2
    44 0000002E [1A00000000000000] 
    45 00000036 E8(00000000)            	call printf
    46                                  	
    47 0000003B 48B9-                   	mov rcx, fmt
    47 0000003D [5300000000000000] 
    48 00000045 48BA-                   	mov rdx, b
    48 00000047 [0400000000000000] 
    49 0000004F E8(00000000)            	call scanf
    50                                  	
    51 00000054 48B9-                   	mov rcx, msj3
    51 00000056 [3300000000000000] 
    52 0000005E E8(00000000)            	call printf
    53                                  	
    54 00000063 48B9-                   	mov rcx, fmt
    54 00000065 [5300000000000000] 
    55 0000006D 48BA-                   	mov rdx, c
    55 0000006F [0800000000000000] 
    56 00000077 E8(00000000)            	call scanf
    57                                  	
    58                                  	
    59                                  	
    60 0000007C 8B0C25[00000000]        	mov ecx, [a]
    61 00000083 8B1425[04000000]        	mov edx, [b]
    62 0000008A 448B0425[08000000]      	mov r8d, [c]
    63 00000092 E823000000              	call calcular
    64 00000097 890425[0C000000]        	mov [d], eax
    65                                  	
    66 0000009E 48B9-                   	mov rcx, msj4
    66 000000A0 [4C00000000000000] 
    67 000000A8 488B1425[0C000000]      	mov rdx, [d]
    68 000000B0 E8(00000000)            	call printf
    69                                  	
    70                                  	
    71 000000B5 4883C420                	add rsp, 0x20
    72 000000B9 C3                      ret
    73                                  
    74                                  
    75                                  ;--------------------------------------
    76                                  ;============ subrutina ===============
    77                                  ;--------------------------------------
    78                                  ;aqui calcular subrutina (funcion)
    79                                  ;	d = ((a << 3) & (-b * 8)) / ((b - c) ^ 3)
    80                                  
    81                                  	calcular:
    82 000000BA 89D3                    		mov ebx, edx
    83 000000BC C1E103                  		sal ecx, 3		;(a << 3)
    84 000000BF F7DB                    		neg ebx
    85 000000C1 6BDB08                  		imul ebx, ebx, 8	;(-b * 8)
    86                                  		
    87 000000C4 21D9                    		and ecx, ebx		;((a << 3) & (-b * 8))
    88                                  		
    89 000000C6 4429C2                  		sub edx, r8d		;(b - c)
    90 000000C9 4189D4                  		mov r12d, edx
    91                                  		
    92 000000CC 450FAFE4                		imul r12d, r12d
    93 000000D0 440FAFE2                		imul r12d, edx		;(b - c) ^ 3
    94                                  		
    95 000000D4 89C8                    		mov eax, ecx		
    96 000000D6 99                      		cdq
    97 000000D7 41F7FC                  		idiv r12d			;((a << 3) & (-b * 8)) / ((b - c) ^ 3)
    98 000000DA C3                      	ret
