     1                                  ;%%%%%%%%%%%%%%%%%%%%%%%%%%%%%%%%%%%%%%%%%
     2                                  ;assemble and link with 
     3                                  ;set path
     4                                  ;path C:\emsamblador\Mingw64\bin
     5                                  ;assemble: -->> nasm -f win64 -o dancing.o dancing.asm -l dancing.lst
     6                                  ;link:	   -->> gcc -o dancing dancing.o
     7                                  ;run:      -->> dancing
     8                                  ;%%%%%%%%%%%%%%%%%%%%%%%%%%%%%%%%%%%%%%%%%
     9                                  ;-----------------------------------------
    10                                  
    11                                  ;file: dancing.asm (nombre programa)
    12                                  
    13                                  extern printf, scanf		
    14                                  
    15                                  segment .data
    16                                  ;aqui se declaran variables inicializadas
    17 00000000 E3FF                    a dw -29
    18                                  segment .bss
    19                                  ;Block Started by Symbol(BSS) 
    20                                  ;aqui van las variables declaradas pero sin inicializar
    21                                  segment .text 
    22                                  
    23                                  global main 					
    24                                  main:	
    25                                  ;etiqueta que indica el comienzo del programa principal
    26                                  ;aqui van las instrucciones
    27 00000000 4831C9                  xor rcx,rcx
    28 00000003 4831C0                  xor rax,rax
    29 00000006 4831DB                  xor rbx,rbx
    30                                  
    31 00000009 66B86F00                mov ax,111
    32                                  
    33 0000000D 6650                    push AX
    34 0000000F 66FF3425[00000000]      PUSH word[a]
    35 00000017 665B                    pop bx
    36 00000019 66FFC3                  inc bx
    37 0000001C 6629C8                  sub ax,cx
    38 0000001F 6650                    push ax
    39 00000021 90                      nop
    40 00000022 6659                    pop cx
    41 00000024 665B                    pop bx
    42 00000026 C3                      ret
    43                                  ;---------------------------------------
    44                                  ;..........subrutinas....................	
